// Jest Snapshot v1, https://goo.gl/fbAQLP

exports[`Storyshots Event default 1`] = `
<div
  style={
    Object {
      "alignItems": "center",
      "bottom": 0,
      "display": "flex",
      "left": 0,
      "overflow": "auto",
      "position": "fixed",
      "right": 0,
      "top": 0,
    }
  }
>
  <div
    style={
      Object {
        "margin": "auto",
        "maxHeight": "100%",
      }
    }
  >
    <article
      className="css-1u5tknu"
      itemScope={true}
      itemType="http://schema.org/Event"
    >
      <header
        className="css-1960eul"
      >
        <time
          className="css-0"
          content="2019-03-28T19:00:00.000Z"
          itemProp="startDate"
        >
          Thursday, March 28, 2019
        </time>
         — 
        <span
          className="css-0"
        >
          8:00 PM
        </span>
      </header>
      <h2
        className="css-18g2mxq"
        itemProp="name"
      >
        Typhoon with Radiation City
      </h2>
      <footer
        className="css-j7qwjs"
      >
        <div
          className="css-1960eul"
          itemProp="location"
          itemScope={true}
          itemType="http://schema.org/Place"
        >
          <span
            className="css-0"
            itemProp="name"
          >
            The Hi-Dive
          </span>
          , 
          <span
            className="css-0"
            itemProp="address"
            itemScope={true}
            itemType="http://schema.org/PostalAddress"
          >
            <span
              className="css-0"
              itemProp="streetAddress"
            >
              7 S. Broadway
            </span>
            , 
            <span
              className="css-0"
              itemProp="addressLocality"
            >
              Denver
            </span>
            , 
            <span
              className="css-0"
              itemProp="addressRegion"
            >
              CO
            </span>
             
            <span
              className="css-0"
              itemProp="postalCode"
            >
              80209
            </span>
          </span>
        </div>
        <ol
          className="css-azbbpt"
          itemProp="offers"
          itemScope={true}
          itemType="http://schema.org/Offer"
        >
          <li
            className="css-lyqcsz"
          >
            <div
              className="css-nw39uo"
            >
              <span
                className="css-0"
                content={13}
                itemProp="price"
              >
                €13.00
              </span>
              <span
                className="css-0"
                content="EUR"
                itemProp="priceCurrency"
              />
            </div>
            <a
              className="css-qbg710"
              href="http://www.ticketfly.com/purchase/309433"
              itemProp="url"
            >
              Acheter
            </a>
          </li>
        </ol>
      </footer>
    </article>
  </div>
</div>
`;
